package components

import (
	"example.com/shop/app/services"
	"github.com/go-raptor/raptor/v4"
)

func Services() raptor.Services {
	return raptor.Services{
		&services.AuthService{},
		&services.DatabaseService{},
		&services.ValidationService{},
		&services.CoursesService{},
		&services.OutcomesService{},
		&services.UnitsService{},
		&services.RecordsService{},
	}
}
